[whoisretargeting.me/index.html]
[backblue.gif]
[fade.gif]
[index.html]
[d33wubrfki0l68.cloudfront.net/e378852b1be9034fabcb5a145f5520a783e09c98/60e4b/ad_bg.png]
[www.google-analytics.com/analytics.js]
[whoisretargeting.me/leaderboard.html]
[whoisretargeting.me/skyscrapers.html]
[pagead2.googlesyndication.com/pagead/js/f.txt]
[whoisretargeting.me/text-ads.html]
[whoisretargeting.me/how-does-google-ads-remarketing-work.html]
[whoisretargeting.me/how-much-does-remarketing-cost.html]
[whoisretargeting.me/how-to-block-retargeting-or-remarketing.html]
[whoisretargeting.me/how-to-create-a-retargeting-remarketing-campaign.html]
[whoisretargeting.me/is-remarketing-different-from-retargeting.html]
[whoisretargeting.me/index.html]
[whoisretargeting.me/static/images/refresh.svg]
[whoisretargeting.me/skyscrapers.html]
[whoisretargeting.me/leaderboard.html]
[whoisretargeting.me/text-ads.html]
[whoisretargeting.me/what-is-retargeting-in-digital-marketing.html]
[whoisretargeting.me/how-does-google-ads-remarketing-work.html]
[whoisretargeting.me/how-much-does-remarketing-cost.html]
[whoisretargeting.me/how-to-block-retargeting-or-remarketing.html]
[whoisretargeting.me/how-to-create-a-retargeting-remarketing-campaign.html]
[whoisretargeting.me/is-remarketing-different-from-retargeting.html]
[whoisretargeting.me/what-is-retargeting-in-digital-marketing.html]
